[2026-03-28 14:12:22] [INFO ] [LOGGER] Log opened — logs\Distortion_2026-03-28.log
[2026-03-28 14:21:21] [INFO ] [LOGGER] Log opened — logs\Distortion_2026-03-28.log
[2026-03-28 14:24:47] [INFO ] [LOGGER] Log opened — logs\Distortion_2026-03-28.log
[2026-03-28 14:30:05] [INFO ] [LOGGER] Log opened — logs\Distortion_2026-03-28.log
[2026-03-28 15:11:22] [INFO ] [LOGGER] Log opened — logs\Distortion_2026-03-28.log
[2026-03-28 15:11:47] [INFO ] [REGISTRATION] BarioBro1 (781509386010361887) registered
[2026-03-28 15:12:00] [INFO ] [REGISTRATION] 781509386010361887 (781509386010361887) dropped
[2026-03-28 15:25:07] [INFO ] [LOGGER] Log opened — logs\Distortion_2026-03-28.log
[2026-03-28 15:27:32] [INFO ] [LOGGER] Log opened — logs\Distortion_2026-03-28.log
[2026-03-28 15:28:48] [INFO ] [LOGGER] Log opened — logs\Distortion_2026-03-28.log
[2026-03-28 15:31:37] [INFO ] [LOGGER] Log opened — logs\Distortion_2026-03-28.log
[2026-03-28 15:58:20] [INFO ] [LOGGER] Log opened — logs\Distortion_2026-03-28.log
[2026-03-28 16:05:56] [INFO ] [REGISTRATION] spiritoffishy (1460111731647844578) registered
[2026-03-28 16:07:08] [INFO ] [LOGGER] Log opened — logs\Distortion_2026-03-28.log
[2026-03-28 16:15:53] [INFO ] [REGISTRATION] Thunkey (489618338142748672) registered
[2026-03-28 16:15:54] [INFO ] [REGISTRATION] 489618338142748672 (489618338142748672) dropped
[2026-03-28 16:16:20] [INFO ] [LOGGER] Log opened — logs\Distortion_2026-03-28.log
[2026-03-28 16:21:59] [INFO ] [LOGGER] Log opened — logs\Distortion_2026-03-28.log
[2026-03-28 16:22:46] [INFO ] [LOGGER] Log opened — logs\Distortion_2026-03-28.log
[2026-03-28 16:25:54] [INFO ] [LOGGER] Log opened — logs\Distortion_2026-03-28.log
[2026-03-28 16:31:27] [INFO ] [REGISTRATION] Daniel (706047549190045797) registered
[2026-03-28 16:33:34] [INFO ] [LOGGER] Log opened — logs\Distortion_2026-03-28.log
[2026-03-28 16:52:11] [INFO ] [LOGGER] Log opened — logs\Distortion_2026-03-28.log
