[2026-03-29 00:01:02] [INFO ] [LOGGER] Log opened — logs\Distortion_2026-03-29.log
[2026-03-29 00:01:02] [INFO ] [LOGGER] Log opened — logs\Distortion_2026-03-29.log
[2026-03-29 00:07:40] [INFO ] [LOGGER] Log opened — logs\Distortion_2026-03-29.log
[2026-03-29 00:07:40] [INFO ] [LOGGER] Log opened — logs\Distortion_2026-03-29.log
[2026-03-29 00:10:27] [INFO ] [LOGGER] Log opened — logs\Distortion_2026-03-29.log
[2026-03-29 00:10:27] [INFO ] [LOGGER] Log opened — logs\Distortion_2026-03-29.log
[2026-03-29 03:12:29] [INFO ] [LOGGER] Log opened — logs\Distortion_2026-03-29.log
[2026-03-29 03:12:29] [INFO ] [LOGGER] Log opened — logs\Distortion_2026-03-29.log
[2026-03-29 03:17:45] [INFO ] [LOGGER] Log opened — logs\Distortion_2026-03-29.log
[2026-03-29 03:17:45] [INFO ] [LOGGER] Log opened — logs\Distortion_2026-03-29.log
[2026-03-29 03:19:58] [INFO ] [LOGGER] Log opened — logs\Distortion_2026-03-29.log
[2026-03-29 03:19:58] [INFO ] [LOGGER] Log opened — logs\Distortion_2026-03-29.log
[2026-03-29 03:27:20] [INFO ] [LOGGER] Log opened — logs\Distortion_2026-03-29.log
[2026-03-29 03:27:20] [INFO ] [LOGGER] Log opened — logs\Distortion_2026-03-29.log
[2026-03-29 03:31:02] [INFO ] [LOGGER] Log opened — logs\Distortion_2026-03-29.log
[2026-03-29 03:31:02] [INFO ] [LOGGER] Log opened — logs\Distortion_2026-03-29.log
[2026-03-29 03:34:52] [INFO ] [LOGGER] Log opened — logs\Distortion_2026-03-29.log
[2026-03-29 03:34:52] [INFO ] [LOGGER] Log opened — logs\Distortion_2026-03-29.log
[2026-03-29 03:35:58] [INFO ] [LOGGER] Log opened — logs\Distortion_2026-03-29.log
[2026-03-29 03:35:58] [INFO ] [LOGGER] Log opened — logs\Distortion_2026-03-29.log
[2026-03-29 03:43:44] [INFO ] [LOGGER] Log opened — logs\Distortion_2026-03-29.log
[2026-03-29 03:43:44] [INFO ] [LOGGER] Log opened — logs\Distortion_2026-03-29.log
[2026-03-29 03:48:59] [INFO ] [LOGGER] Log opened — logs\Distortion_2026-03-29.log
[2026-03-29 03:48:59] [INFO ] [LOGGER] Log opened — logs\Distortion_2026-03-29.log
[2026-03-29 04:02:09] [INFO ] [LOGGER] Log opened — logs\Distortion_2026-03-29.log
[2026-03-29 04:02:09] [INFO ] [LOGGER] Log opened — logs\Distortion_2026-03-29.log
[2026-03-29 04:03:17] [INFO ] [LOGGER] Log opened — logs\Distortion_2026-03-29.log
[2026-03-29 04:03:17] [INFO ] [LOGGER] Log opened — logs\Distortion_2026-03-29.log
[2026-03-29 04:07:01] [INFO ] [LOGGER] Log opened — logs\Distortion_2026-03-29.log
[2026-03-29 04:07:01] [INFO ] [LOGGER] Log opened — logs\Distortion_2026-03-29.log
[2026-03-29 04:36:15] [INFO ] [LOGGER] Log opened — logs\Distortion_2026-03-29.log
[2026-03-29 04:36:15] [INFO ] [LOGGER] Log opened — logs\Distortion_2026-03-29.log
[2026-03-29 04:46:40] [INFO ] [LOGGER] Log opened — logs\Distortion_2026-03-29.log
[2026-03-29 04:46:40] [INFO ] [LOGGER] Log opened — logs\Distortion_2026-03-29.log
[2026-03-29 04:57:36] [INFO ] [LOGGER] Log opened — logs\Distortion_2026-03-29.log
[2026-03-29 04:57:36] [INFO ] [LOGGER] Log opened — logs\Distortion_2026-03-29.log
[2026-03-29 04:57:49] [INFO ] [REGISTRATION] korma💫 (632612112610361355) registered
[2026-03-29 05:05:37] [INFO ] [LOGGER] Log opened — logs\Distortion_2026-03-29.log
[2026-03-29 05:05:37] [INFO ] [LOGGER] Log opened — logs\Distortion_2026-03-29.log
[2026-03-29 05:09:04] [INFO ] [LOGGER] Log opened — logs\Distortion_2026-03-29.log
[2026-03-29 05:09:04] [INFO ] [LOGGER] Log opened — logs\Distortion_2026-03-29.log
[2026-03-29 05:15:36] [INFO ] [LOGGER] Log opened — logs\Distortion_2026-03-29.log
[2026-03-29 05:15:36] [INFO ] [LOGGER] Log opened — logs\Distortion_2026-03-29.log
[2026-03-29 05:21:26] [INFO ] [LOGGER] Log opened — logs\Distortion_2026-03-29.log
[2026-03-29 05:21:26] [INFO ] [LOGGER] Log opened — logs\Distortion_2026-03-29.log
[2026-03-29 05:22:25] [INFO ] [LOGGER] Log opened — logs\Distortion_2026-03-29.log
[2026-03-29 05:22:25] [INFO ] [LOGGER] Log opened — logs\Distortion_2026-03-29.log
[2026-03-29 05:25:16] [INFO ] [LOGGER] Log opened — logs\Distortion_2026-03-29.log
[2026-03-29 05:25:16] [INFO ] [LOGGER] Log opened — logs\Distortion_2026-03-29.log
[2026-03-29 17:27:56] [INFO ] [LOGGER] Log opened — logs\Distortion_2026-03-29.log
[2026-03-29 17:27:56] [INFO ] [LOGGER] Log opened — logs\Distortion_2026-03-29.log
[2026-03-29 17:30:59] [INFO ] [REGISTRATION] ♕ (838202297951059979) registered
[2026-03-29 17:36:00] [INFO ] [REGISTRATION] schnyoom (736011427248078960) registered
[2026-03-29 17:41:53] [INFO ] [REGISTRATION] trev (645677377887928350) registered
[2026-03-29 17:42:23] [INFO ] [REGISTRATION] ☆mr glue²☆ (1405983669256065054) registered
