[2026-03-30 01:50:19] [INFO ] [LOGGER] Log opened — logs\Distortion_2026-03-30.log
[2026-03-30 01:50:19] [INFO ] [LOGGER] Log opened — logs\Distortion_2026-03-30.log
[2026-03-30 01:50:39] [INFO ] [STATE] setup → registration
[2026-03-30 01:54:22] [INFO ] [LOGGER] Log opened — logs\Distortion_2026-03-30.log
[2026-03-30 01:54:22] [INFO ] [LOGGER] Log opened — logs\Distortion_2026-03-30.log
[2026-03-30 02:07:20] [WARNING] [REGISTRATION] Unregister attempted for 638174986246291466 but not in entrants
[2026-03-30 02:09:06] [INFO ] [REGISTRATION] IcyLucario (244981790941380618) registered
[2026-03-30 02:09:26] [INFO ] [REGISTRATION] Bojack (142798704703700992) registered
[2026-03-30 02:09:31] [WARNING] [REGISTRATION] Unregister attempted for 142798704703700992 but not in entrants
[2026-03-30 02:10:02] [INFO ] [REGISTRATION] Ren我行😈 (1475829199506772020) registered
[2026-03-30 02:10:56] [INFO ] [REGISTRATION] Wendigo Fan (1338940247718756357) registered
[2026-03-30 02:11:02] [WARNING] [REGISTRATION] Unregister attempted for 142798704703700992 but not in entrants
[2026-03-30 02:11:55] [INFO ] [REGISTRATION] Capy (107270433354563584) registered
[2026-03-30 02:17:02] [INFO ] [LOGGER] Log opened — logs\Distortion_2026-03-30.log
[2026-03-30 02:17:02] [INFO ] [LOGGER] Log opened — logs\Distortion_2026-03-30.log
[2026-03-30 02:19:09] [INFO ] [LOGGER] Log opened — logs\Distortion_2026-03-30.log
[2026-03-30 02:19:09] [INFO ] [LOGGER] Log opened — logs\Distortion_2026-03-30.log
[2026-03-30 02:21:02] [INFO ] [LOGGER] Log opened — logs\Distortion_2026-03-30.log
[2026-03-30 02:21:02] [INFO ] [LOGGER] Log opened — logs\Distortion_2026-03-30.log
[2026-03-30 02:21:29] [INFO ] [PHASE] Pro Bracket: Challonge shell created — distortion_pro_bracket
[2026-03-30 02:21:30] [INFO ] [PHASE] Intermediate Bracket: Challonge shell created — distortion_intermediate_bracket
[2026-03-30 02:21:30] [INFO ] [PHASE] Beginner Bracket: Challonge shell created — distortion_beginner_bracket
[2026-03-30 02:28:34] [INFO ] [LOGGER] Log opened — logs\Distortion_2026-03-30.log
[2026-03-30 02:28:34] [INFO ] [LOGGER] Log opened — logs\Distortion_2026-03-30.log
[2026-03-30 02:29:14] [INFO ] [LOGGER] Log opened — logs\Distortion_2026-03-30.log
[2026-03-30 02:29:14] [INFO ] [LOGGER] Log opened — logs\Distortion_2026-03-30.log
[2026-03-30 02:30:44] [INFO ] [LOGGER] Log opened — logs\Distortion_2026-03-30.log
[2026-03-30 02:30:44] [INFO ] [LOGGER] Log opened — logs\Distortion_2026-03-30.log
[2026-03-30 02:31:30] [INFO ] [LOGGER] Log opened — logs\Distortion_2026-03-30.log
[2026-03-30 02:31:30] [INFO ] [LOGGER] Log opened — logs\Distortion_2026-03-30.log
[2026-03-30 02:31:43] [INFO ] [REGISTRATION] 638174986246291466 (638174986246291466) dropped
[2026-03-30 02:31:50] [INFO ] [FLOAT] Float sync: +12 to Pro, -0 to Swiss
[2026-03-30 02:38:05] [INFO ] [LOGGER] Log opened — logs\Distortion_2026-03-30.log
[2026-03-30 02:38:05] [INFO ] [LOGGER] Log opened — logs\Distortion_2026-03-30.log
[2026-03-30 02:40:10] [INFO ] [LOGGER] Log opened — logs\Distortion_2026-03-30.log
[2026-03-30 02:40:10] [INFO ] [LOGGER] Log opened — logs\Distortion_2026-03-30.log
[2026-03-30 02:41:25] [INFO ] [REGISTRATION] pigeon (859778080242663425) registered
[2026-03-30 02:45:34] [INFO ] [REGISTRATION] 142798704703700992 (142798704703700992) dropped
[2026-03-30 02:59:43] [INFO ] [LOGGER] Log opened — logs\Distortion_2026-03-30.log
[2026-03-30 02:59:43] [INFO ] [LOGGER] Log opened — logs\Distortion_2026-03-30.log
[2026-03-30 04:48:33] [INFO ] [REGISTRATION] MAD (1071454655483215882) registered
[2026-03-30 05:17:11] [INFO ] [REGISTRATION] CortanaFlash (1314569725564555330) registered
[2026-03-30 14:35:47] [INFO ] [LOGGER] Log opened — logs\Distortion_2026-03-30.log
[2026-03-30 14:35:47] [INFO ] [LOGGER] Log opened — logs\Distortion_2026-03-30.log
[2026-03-30 14:48:54] [INFO ] [LOGGER] Log opened — logs\Distortion_2026-03-30.log
[2026-03-30 14:48:54] [INFO ] [LOGGER] Log opened — logs\Distortion_2026-03-30.log
[2026-03-30 15:09:17] [INFO ] [REGISTRATION] MrEggMan (1247774421846851614) registered
[2026-03-30 16:41:33] [INFO ] [REGISTRATION] Resh (879839085609508864) registered
[2026-03-30 16:48:26] [INFO ] [REGISTRATION] paperchxrm (814959116825002024) registered
[2026-03-30 18:11:54] [INFO ] [REGISTRATION] bingo_bongo11 (699125738288185376) registered
[2026-03-30 18:19:45] [INFO ] [REGISTRATION] Calcetines (970038684348989500) registered
[2026-03-30 18:41:35] [INFO ] [LOGGER] Log opened — logs\Distortion_2026-03-30.log
[2026-03-30 18:41:35] [INFO ] [LOGGER] Log opened — logs\Distortion_2026-03-30.log
