[2026-03-30 16:45:29] [INFO ] [LOGGER] Log opened — logs\Ranked Night 2_2026-03-30.log
[2026-03-30 16:45:29] [INFO ] [LOGGER] Log opened — logs\Ranked Night 2_2026-03-30.log
[2026-03-30 16:46:55] [INFO ] [STATE] setup → registration
[2026-03-30 16:47:24] [INFO ] [REGISTRATION] Tos (541356326459146250) registered
[2026-03-30 16:47:25] [INFO ] [REGISTRATION] 541356326459146250 (541356326459146250) dropped
[2026-03-30 16:50:52] [INFO ] [REGISTRATION] Ossie (827590455415275541) registered
[2026-03-30 16:52:18] [INFO ] [REGISTRATION] zencat (Kreuz no1 fan) (1161573344072716298) registered
[2026-03-30 16:56:44] [INFO ] [REGISTRATION] John (1298062688265437227) registered
[2026-03-30 16:56:45] [INFO ] [REGISTRATION] aimbotXD (272386570575806464) registered
[2026-03-30 16:56:51] [INFO ] [REGISTRATION] Vee (#1 Raito fan) (979769206218293310) registered
[2026-03-30 16:56:51] [INFO ] [REGISTRATION] Emberemma (736285693017456682) registered
[2026-03-30 17:01:52] [INFO ] [REGISTRATION] omercd450 (1253336648955990097) registered
[2026-03-30 17:02:39] [INFO ] [REGISTRATION] Ceilingidiot (1021400951992631366) registered
[2026-03-30 17:04:19] [INFO ] [REGISTRATION] Gaming Beast (751934662573818008) registered
[2026-03-30 17:11:15] [INFO ] [REGISTRATION] Tos (541356326459146250) registered
[2026-03-30 17:18:09] [INFO ] [REGISTRATION] ivory_penguin (1374498306020999230) registered
[2026-03-30 17:19:22] [WARNING] [REGISTRATION] Player 811956541561241611 blocked — no UCH Ranked account
[2026-03-30 17:20:54] [INFO ] [REGISTRATION] evanxo (214746895178792961) registered
[2026-03-30 17:42:29] [INFO ] [REGISTRATION] CadeF (1260003339031019693) registered
[2026-03-30 17:57:35] [INFO ] [REGISTRATION] devski (748105652047577108) registered
[2026-03-30 18:18:04] [INFO ] [REGISTRATION] lvckycat (1171570332172292116) registered
[2026-03-30 18:41:35] [INFO ] [LOGGER] Log opened — logs\Ranked Night 2_2026-03-30.log
[2026-03-30 18:41:35] [INFO ] [LOGGER] Log opened — logs\Ranked Night 2_2026-03-30.log
